c:\users\kubak\desktop\git\familiada\familiada\x64\release\vc145.pdb
c:\users\kubak\desktop\git\familiada\familiada\x64\release\.netframework,version=v4.7.2.assemblyattributes.obj
c:\users\kubak\desktop\git\familiada\familiada\x64\release\tpytanie.obj
c:\users\kubak\desktop\git\familiada\familiada\x64\release\tgra.obj
c:\users\kubak\desktop\git\familiada\familiada\x64\release\tdruzyna.obj
c:\users\kubak\desktop\git\familiada\familiada\x64\release\tbazapytan.obj
c:\users\kubak\desktop\git\familiada\familiada\x64\release\mainwin.obj
c:\users\kubak\desktop\git\familiada\x64\release\familiada.exe
c:\users\kubak\desktop\git\familiada\x64\release\familiada.pdb
c:\users\kubak\desktop\git\familiada\familiada\x64\release\familiada.tlog\cl.command.1.tlog
c:\users\kubak\desktop\git\familiada\familiada\x64\release\familiada.tlog\cl.items.tlog
c:\users\kubak\desktop\git\familiada\familiada\x64\release\familiada.tlog\cl.read.1.tlog
c:\users\kubak\desktop\git\familiada\familiada\x64\release\familiada.tlog\cl.write.1.tlog
c:\users\kubak\desktop\git\familiada\familiada\x64\release\familiada.tlog\link.command.1.tlog
c:\users\kubak\desktop\git\familiada\familiada\x64\release\familiada.tlog\link.read.1.tlog
c:\users\kubak\desktop\git\familiada\familiada\x64\release\familiada.tlog\link.secondary.1.tlog
c:\users\kubak\desktop\git\familiada\familiada\x64\release\familiada.tlog\link.write.1.tlog
c:\users\kubak\desktop\git\familiada\familiada\x64\release\familiada.tlog\metagen.read.1.tlog
c:\users\kubak\desktop\git\familiada\familiada\x64\release\familiada.tlog\metagen.write.1.tlog
c:\users\kubak\desktop\git\familiada\familiada\x64\release\familiada.tlog\resgen.command.1.tlog
c:\users\kubak\desktop\git\familiada\familiada\x64\release\familiada.tlog\resgen.read.1.tlog
c:\users\kubak\desktop\git\familiada\familiada\x64\release\familiada.tlog\resgen.write.1.tlog
