c:\users\kubak\desktop\git\familiada\familiada\x64\debug\vc145.pdb
c:\users\kubak\desktop\git\familiada\familiada\x64\debug\.netframework,version=v4.7.2.assemblyattributes.obj
c:\users\kubak\desktop\git\familiada\familiada\x64\debug\tpytanie.obj
c:\users\kubak\desktop\git\familiada\familiada\x64\debug\tgra.obj
c:\users\kubak\desktop\git\familiada\familiada\x64\debug\tdruzyna.obj
c:\users\kubak\desktop\git\familiada\familiada\x64\debug\tbazapytan.obj
c:\users\kubak\desktop\git\familiada\familiada\x64\debug\mainwin.obj
c:\users\kubak\desktop\git\familiada\x64\debug\familiada.exe
c:\users\kubak\desktop\git\familiada\x64\debug\familiada.pdb
c:\users\kubak\desktop\git\familiada\familiada\x64\debug\familiada.tlog\cl.command.1.tlog
c:\users\kubak\desktop\git\familiada\familiada\x64\debug\familiada.tlog\cl.items.tlog
c:\users\kubak\desktop\git\familiada\familiada\x64\debug\familiada.tlog\cl.read.1.tlog
c:\users\kubak\desktop\git\familiada\familiada\x64\debug\familiada.tlog\cl.write.1.tlog
c:\users\kubak\desktop\git\familiada\familiada\x64\debug\familiada.tlog\link.command.1.tlog
c:\users\kubak\desktop\git\familiada\familiada\x64\debug\familiada.tlog\link.read.1.tlog
c:\users\kubak\desktop\git\familiada\familiada\x64\debug\familiada.tlog\link.secondary.1.tlog
c:\users\kubak\desktop\git\familiada\familiada\x64\debug\familiada.tlog\link.write.1.tlog
c:\users\kubak\desktop\git\familiada\familiada\x64\debug\familiada.tlog\metagen.read.1.tlog
c:\users\kubak\desktop\git\familiada\familiada\x64\debug\familiada.tlog\metagen.write.1.tlog
c:\users\kubak\desktop\git\familiada\familiada\x64\debug\familiada.tlog\resgen.command.1.tlog
c:\users\kubak\desktop\git\familiada\familiada\x64\debug\familiada.tlog\resgen.read.1.tlog
c:\users\kubak\desktop\git\familiada\familiada\x64\debug\familiada.tlog\resgen.write.1.tlog
